Apps 

 ID                  Status          Last Updated                
─────────────────────────────────────────────────────────────────
 single-app          Active          2024-01-15 10:30:00