✓ App 'grace-app' scaled successfully

  • Response grace period: 1800 seconds