✓ App 'cooldown-app' scaled successfully

  • Cooldown period: 120 seconds