✓  Loaded 0 files
✓  Zipped files (0 B)
✓  Created app (Build ID: build-success)
✓  Uploaded to Cerebrium
     ░░░░░░░░░░░░░░░░░░░░░░░░░░░░░░░░░░░░░░░░░░░░░░░░░░   0%
     0 B / 0 B
✓  Built app

✓ test-app is now live!

App Dashboard: https://dashboard.cerebrium.ai/app/test-app

Endpoint:
POST https://test-app.internal/{function_name}