â ‹  Loading files...
-  Zipping files
-  Creating app
-  Uploading to Cerebrium
-  Building app