✓  Loaded 3 files
✓  Zipped files (628 B)
⠋  Creating app...
-  Uploading to Cerebrium
-  Building app
 ctrl+c: cancel build | ctrl+l: view logs