✓  Loaded 0 files
✓  Zipped files (0 B)
✓  Created app (Build ID: build-to-cancel)
✓  Uploaded to Cerebrium
     ░░░░░░░░░░░░░░░░░░░░░░░░░░░░░░░░░░░░░░░░░░░░░░░░░░   0%
     0 B / 0 B
⚠  Build cancelled