â ‹  Loading files...
-  Zip files
-  Create app
-  Uploading to Cerebrium
-  Build app