✓  Loaded 0 files
✓  Zipped files (0 B)
✓  Created app (Build ID: build-ready)
✓  Uploaded to Cerebrium
✓  Built app

✓ ready-app is now live!

App Dashboard: https://dashboard.cerebrium.ai

Endpoint:
POST /{function_name}
 ctrl+c: cancel build | ctrl+l: hide logs