✓  Loaded 0 files
✓  Zipped files (0 B)
✓  Created app (Build ID: )
✓  Uploaded to Cerebrium
✓  Built app

✗ Error: API connection failed
 ctrl+c: cancel build | ctrl+l: view logs