✓  Loaded 0 files
✓  Zipped files (0 B)
✓  Created app (Build ID: build-123)
✓  Uploaded to Cerebrium
     ░░░░░░░░░░░░░░░░░░░░░░░░░░░░░░░░░░░░░░░░░░░░░░░░░░   0%
     0 B / 0 B
⠋  Building app...

╭────────────────────────────────────────────────────────────────────────────────────────────────────╮
│ Waiting for logs...                                                                                │
│                                                                                                    │
│                                                                                                    │
╰────────────────────────────────────────────────────────────────────────────────────────────────────╯
 esc or ctrl+c: cancel build