✓  Loaded 0 files
✓  Zipped files (0 B)
✓  Created app (Build ID: build-fail)
✓  Uploaded to Cerebrium
     ░░░░░░░░░░░░░░░░░░░░░░░░░░░░░░░░░░░░░░░░░░░░░░░░░░   0%
     0 B / 0 B
✓  Built app

✗ Error: build failed with status: failed