Logging in to dev✓  Initialised authentication
✓  Received credentials
✓  Saved auth token
✓  Set project context

Current project context set to ID: project-123