✓  Initialised authentication
✓  Received credentials
✓  Saved auth token
✓  Set project context

✗ Error: authentication failed: invalid credentials