âœ— Error: invalid parameters: minReplicaCount must be <= maxReplicaCount