✓ App 'replicas-app' scaled successfully

  • Minimum replicas: 1
  • Maximum replicas: 5