⠋ Updating scaling for app 'test-app'...

  • Cooldown period: 60 seconds
  • Minimum replicas: 2
  • Maximum replicas: 10
  • Response grace period: 900 seconds